// Jest Snapshot v1, https://goo.gl/fbAQLP

exports[`flow functional component 1`] = `
Object {
  "body": Array [
    Object {
      "exports": Array [],
      "kind": "export",
    },
    Object {
      "exports": Array [],
      "kind": "export",
    },
  ],
  "kind": "program",
}
`;

exports[`flow plain object  1`] = `
Object {
  "body": Array [
    Object {
      "exports": Array [],
      "kind": "export",
    },
  ],
  "kind": "program",
}
`;
